[backblue.gif]
[fade.gif]
[index.html]
[solanafarm.finance/logo.png]
[solanafarm.finance/assets/img/logoX.png]
[solanafarm.finance/assets/img/logo.png]
[solanafarm.finance/whitepaper.pdf]
[mc.yandex.ru/metrika/tag.js]
[solanafarm.finance/assets/img/samuDog.png]
[solanafarm.finance/assets/img/icons/bsc.png]
[solanafarm.finance/assets/img/icons/002-growth.png]
[solanafarm.finance/assets/img/icons/001-income.png]
[solanafarm.finance/assets/img/icons/003-product.png]
[solanafarm.finance/assets/img/icons/004-distribution.png]
[solanafarm.finance/assets/img/icons/001-fire.png]
[solanafarm.finance/assets/img/stake.png]
[solanafarm.finance/assets/img/buy3.png]
[solanafarm.finance/assets/img/pie.png]
[solanafarm.finance/assets/img/team1.png]
[solanafarm.finance/assets/img/team2.png]
[solanafarm.finance/assets/img/team3.png]
[solanafarm.finance/assets/img/connect.png]
[solanafarm.finance/assets/img/footer_grid.png]
[solanafarm.finance/assets/js/jquery-3.5.0.js]
[solanafarm.finance/assets/js/jquery-migrate.min.js]
[solanafarm.finance/assets/js/popper.min.js]
[solanafarm.finance/assets/js/bootstrap.min.js]
[solanafarm.finance/assets/js/vendor/particles.min.js]
[solanafarm.finance/assets/js/vendor/TweenMax.min.js]
[solanafarm.finance/assets/js/vendor/ScrollMagic.js]
[solanafarm.finance/assets/js/vendor/animation.gsap.js]
[solanafarm.finance/assets/js/vendor/debug.addIndicators.min.js]
[solanafarm.finance/assets/js/vendor/swiper.min.js]
[solanafarm.finance/assets/js/vendor/countdown.js]
[solanafarm.finance/assets/js/vendor/simpleParallax.min.js]
[solanafarm.finance/assets/js/vendor/waypoints.min.js]
[solanafarm.finance/assets/js/vendor/jquery.counterup.min.js]
[solanafarm.finance/assets/js/vendor/charming.min.js]
[solanafarm.finance/assets/js/vendor/imagesloaded.pkgd.min.js]
[solanafarm.finance/assets/js/vendor/jquery.bxslider.min.js]
[solanafarm.finance/assets/js/vendor/sharer.js]
[solanafarm.finance/assets/js/vendor/sticky.min.js]
[solanafarm.finance/assets/js/vendor/aos.js]
[solanafarm.finance/assets/js/main.js]
[solanafarm.finance/js/main.min.js]
[solanafarm.finance/js/web3.js]
[solanafarm.finance/js/app.js]
[solanafarm.finance/js/timer.js]
[solanafarm.finance/index.html]
[solanafarm.finance/assets/img/favicon/apple-icon-57x57.html]
[solanafarm.finance/assets/img/favicon/apple-icon-60x60.html]
[solanafarm.finance/assets/img/favicon/apple-icon-72x72.html]
[solanafarm.finance/assets/img/favicon/apple-icon-76x76.html]
[solanafarm.finance/assets/img/favicon/apple-icon-114x114.html]
[solanafarm.finance/assets/img/favicon/apple-icon-120x120.html]
[solanafarm.finance/assets/img/favicon/apple-icon-144x144.html]
[solanafarm.finance/assets/img/favicon/apple-icon-152x152.html]
[solanafarm.finance/assets/img/favicon/apple-icon-180x180.html]
[solanafarm.finance/assets/img/favicon/android-icon-192x192.html]
[solanafarm.finance/assets/img/favicon/favicon-32x32.html]
[solanafarm.finance/assets/img/favicon/favicon-96x96.html]
[solanafarm.finance/assets/img/favicon/favicon-16x16.html]
[solanafarm.finance/assets/img/favicon/ms-icon-144x144.html]
[solanafarm.finance/manifest.html]
[solanafarm.finance/assets/css/bootstrap.min.css]
[solanafarm.finance/assets/css/animate.css]
[solanafarm.finance/assets/css/swiper.min.css]
[solanafarm.finance/assets/fonts/The-Icon-ofcdaa.woff2]
[solanafarm.finance/assets/css/icons.css]
[solanafarm.finance/assets/css/aos.css]
[solanafarm.finance/assets/fonts/text-font/CircularStd-Black.woff]
[solanafarm.finance/assets/fonts/text-font/CircularStd-Bold.woff]
[solanafarm.finance/assets/fonts/text-font/CircularStd-Medium.woff]
[solanafarm.finance/assets/fonts/text-font/CircularStd-Book.woff]
[solanafarm.finance/assets/css/main.css]
[solanafarm.finance/assets/css/normalize.css]
[solanafarm.finance/css/style.css]
[solanafarm.finance/assets/img/logo.html]
[solanafarm.finance/assets/js/Solana.html]
[solanafarm.finance/assets/fonts/The-Icon-ofcdaa.html]
[solanafarm.finance/assets/fonts/The-Icon-ofcdaa-2.html]
[solanafarm.finance/assets/fonts/The-Icon-ofcdaa-3.html]
[solanafarm.finance/assets/fonts/The-Icon-ofcdaa-4.html]
[solanafarm.finance/assets/fonts/text-font/CircularStd-Black.html]
[solanafarm.finance/assets/fonts/text-font/CircularStd-Blackd41d.html]
[solanafarm.finance/assets/fonts/text-font/CircularStd-Black-2.html]
[solanafarm.finance/assets/fonts/text-font/CircularStd-Black-3.html]
[solanafarm.finance/assets/fonts/text-font/CircularStd-BlackItalic.html]
[solanafarm.finance/assets/fonts/text-font/CircularStd-BlackItalicd41d.html]
[solanafarm.finance/assets/fonts/text-font/CircularStd-BlackItalic-2.html]
[solanafarm.finance/assets/fonts/text-font/CircularStd-BlackItalic-3.html]
[solanafarm.finance/assets/fonts/text-font/CircularStd-BlackItalic-4.html]
[solanafarm.finance/assets/fonts/text-font/CircularStd-Bold.html]
[solanafarm.finance/assets/fonts/text-font/CircularStd-Boldd41d.html]
[solanafarm.finance/assets/fonts/text-font/CircularStd-Bold-2.html]
[solanafarm.finance/assets/fonts/text-font/CircularStd-Bold-3.html]
[solanafarm.finance/assets/fonts/text-font/CircularStd-BoldItalic.html]
[solanafarm.finance/assets/fonts/text-font/CircularStd-BoldItalicd41d.html]
[solanafarm.finance/assets/fonts/text-font/CircularStd-BoldItalic-2.html]
[solanafarm.finance/assets/fonts/text-font/CircularStd-BoldItalic-3.html]
[solanafarm.finance/assets/fonts/text-font/CircularStd-BoldItalic-4.html]
[solanafarm.finance/assets/fonts/text-font/CircularStd-Medium.html]
[solanafarm.finance/assets/fonts/text-font/CircularStd-Mediumd41d.html]
[solanafarm.finance/assets/fonts/text-font/CircularStd-Medium-2.html]
[solanafarm.finance/assets/fonts/text-font/CircularStd-Medium-3.html]
[solanafarm.finance/assets/fonts/text-font/CircularStd-MediumItalic.html]
[solanafarm.finance/assets/fonts/text-font/CircularStd-MediumItalicd41d.html]
[solanafarm.finance/assets/fonts/text-font/CircularStd-MediumItalic-2.html]
[solanafarm.finance/assets/fonts/text-font/CircularStd-MediumItalic-3.html]
[solanafarm.finance/assets/fonts/text-font/CircularStd-MediumItalic-4.html]
[solanafarm.finance/assets/fonts/text-font/CircularStd-Book.html]
[solanafarm.finance/assets/fonts/text-font/CircularStd-Bookd41d.html]
[solanafarm.finance/assets/fonts/text-font/CircularStd-Book-2.html]
[solanafarm.finance/assets/fonts/text-font/CircularStd-Book-3.html]
[solanafarm.finance/assets/fonts/text-font/CircularStd-BookItalic.html]
[solanafarm.finance/assets/fonts/text-font/CircularStd-BookItalicd41d.html]
[solanafarm.finance/assets/fonts/text-font/CircularStd-BookItalic-2.html]
[solanafarm.finance/assets/fonts/text-font/CircularStd-BookItalic-3.html]
[solanafarm.finance/assets/fonts/text-font/CircularStd-BookItalic-4.html]
[solanafarm.finance/assets/img/bg-cubic.html]
[solanafarm.finance/assets/img/shape-before-web.html]
[solanafarm.finance/assets/img/shpaeboxes.html]
[solanafarm.finance/assets/img/best.html]
[solanafarm.finance/assets/img/hosting/bg-hosting.html]
[solanafarm.finance/assets/img/workspace/banner-abstract.html]
[solanafarm.finance/assets/img/software/bg-soft.html]
[solanafarm.finance/assets/img/software/point-bg.html]
[solanafarm.finance/assets/img/workspace/bg-about.html]
[solanafarm.finance/assets/img/inner/bg-contact.html]
[solanafarm.finance/assets/img/inner/647.html]
[solanafarm.finance/assets/img/app/00000.html]
[solanafarm.finance/assets/img/software/bg-logo.html]
[solanafarm.finance/assets/img/shape-before.html]
[solanafarm.finance/assets/img/workspace/serv_abstract.html]
[solanafarm.finance/assets/img/hosting/14301.html]
[solanafarm.finance/assets/img/software/gradient.html]
[solanafarm.finance/assets/img/ill_faq.html]
[solanafarm.finance/assets/img/0987.html]
[solanafarm.finance/assets/img/hosting/light.html]
[solanafarm.finance/assets/img/inner/line-cc.html]
[solanafarm.finance/assets/img/lines014.html]
[solanafarm.finance/assets/img/signup.html]
[solanafarm.finance/assets/img/inner/01.html]
[solanafarm.finance/assets/img/agency/grid.html]
[solanafarm.finance/assets/img/app/mask.html]
[solanafarm.finance/assets/img/hosting/01.html]
[solanafarm.finance/assets/img/agency/3224657.html]
[solanafarm.finance/images/illustration-section-01.html]
[solanafarm.finance/images/illustration-section-02.html]
